// Jest Snapshot v1, https://goo.gl/fbAQLP

exports[`tables no column headings 1`] = `"<table><tbody><tr><td>laios</td><td>20</td><td>fighter</td><td>A strange but earnest person. He <em>really <strong>really</strong></em> likes monsters</td></tr><tr><td>marcille</td><td>500</td><td>mage</td><td>Difficult to get along with but very competent. Despite seeming strict and fussy, she is interested in forbidden magic...</td></tr><tr><td>falin</td><td>18</td><td>healer</td><td>She <em>seems</em> nice, but is actually just a people pleaser. When push comes to shove she will look out for people she loves and disregard strangers</td></tr><tr><td>chilchuk</td><td>29</td><td>thief</td><td>Looks like a child but is actually a divorced father of three. He is serious about his work and isn&apos;t interested in getting close with people</td></tr></table>"`;

exports[`tables with column headings mixed alignment 1`] = `"<table><thead><tr><th style="text-align: left;">name</th><th style="text-align: right;">age</th><th>job</th><th style="text-align: center;"><a href="https://en.wikipedia.org/wiki/Delicious_in_Dungeon"><em>notes</em></a></th></tr></thead><tbody><tr><td style="text-align: left;">laios</td><td style="text-align: right;">20</td><td>fighter</td><td style="text-align: center;">A strange but earnest person. He <em>really <strong>really</strong></em> likes monsters</td></tr><tr><td style="text-align: left;">marcille</td><td style="text-align: right;">500</td><td>mage</td><td style="text-align: center;">Difficult to get along with but very competent. Despite seeming strict and fussy, she is interested in forbidden magic...</td></tr><tr><td style="text-align: left;">falin</td><td style="text-align: right;">18</td><td>healer</td><td style="text-align: center;">She <em>seems</em> nice, but is actually just a people pleaser. When push comes to shove she will look out for people she loves and disregard strangers</td></tr><tr><td style="text-align: left;">chilchuk</td><td style="text-align: right;">29</td><td>thief</td><td style="text-align: center;">Looks like a child but is actually a divorced father of three. He is serious about his work and isn&apos;t interested in getting close with people</td></tr></table>"`;

exports[`tables with column headings no alignment 1`] = `"<table><thead><tr><th>name</th><th>age</th><th>job</th><th><a href="https://en.wikipedia.org/wiki/Delicious_in_Dungeon"><em>notes</em></a></th></tr></thead><tbody><tr><td>laios</td><td>20</td><td>fighter</td><td>A strange but earnest person. He <em>really <strong>really</strong></em> likes monsters</td></tr><tr><td>marcille</td><td>500</td><td>mage</td><td>Difficult to get along with but very competent. Despite seeming strict and fussy, she is interested in forbidden magic...</td></tr><tr><td>falin</td><td>18</td><td>healer</td><td>She <em>seems</em> nice, but is actually just a people pleaser. When push comes to shove she will look out for people she loves and disregard strangers</td></tr><tr><td>chilchuk</td><td>29</td><td>thief</td><td>Looks like a child but is actually a divorced father of three. He is serious about his work and isn&apos;t interested in getting close with people</td></tr></table>"`;

exports[`tables with column headings omitting columns 1`] = `"<table><thead><tr><th>name</th><th>job</th></tr></thead><tbody><tr><td>laios</td><td>fighter</td></tr><tr><td>marcille</td><td>mage</td></tr><tr><td>falin</td><td>healer</td></tr><tr><td>chilchuk</td><td>thief</td></tr></table>"`;

exports[`tables with column headings reordering columns 1`] = `"<table><thead><tr><th><a href="https://en.wikipedia.org/wiki/Delicious_in_Dungeon"><em>notes</em></a></th><th>job</th><th>age</th><th>name</th></tr></thead><tbody><tr><td>A strange but earnest person. He <em>really <strong>really</strong></em> likes monsters</td><td>fighter</td><td>20</td><td>laios</td></tr><tr><td>Difficult to get along with but very competent. Despite seeming strict and fussy, she is interested in forbidden magic...</td><td>mage</td><td>500</td><td>marcille</td></tr><tr><td>She <em>seems</em> nice, but is actually just a people pleaser. When push comes to shove she will look out for people she loves and disregard strangers</td><td>healer</td><td>18</td><td>falin</td></tr><tr><td>Looks like a child but is actually a divorced father of three. He is serious about his work and isn&apos;t interested in getting close with people</td><td>thief</td><td>29</td><td>chilchuk</td></tr></table>"`;
