// Jest Snapshot v1, https://goo.gl/fbAQLP

exports[`@atjson/source-gdocs-paste a grab-bag of Google Docs features correctly sets the content 1`] = `
"	This paragraph is indented! Here is some underlined text and some italic text and some bold text. This is superscriptTM and some subscript O2 and some strikethrough text. This is a link. This text has a comment.
	
-


"
`;

exports[`@atjson/source-gdocs-paste relatively complex document correctly sets the content 1`] = `
"This is a simple test.
*
Here is some text

Hereâ€™s a numbered list
And another item

Hereâ€™s a bulleted list
With two items, like before

Here is a poem
  With some text ahead
    Four spaces this time and a suggestion
Now no spaces
Hereâ€™s a line with some different line spacing (1.5)
And hereâ€™s a double spaced line
Heading 1
Heading 2
Title
Subtitle
UPPER CASE
Title Case is fun
This is superscript!
This is subscript
abdsfdf


"
`;
