// Jest Snapshot v1, https://goo.gl/fbAQLP

exports[`tables converting 1`] = `
{
  "blocks": [
    {
      "attributes": {
        "columns": [
          {
            "name": "￼name",
            "slice": "M00000001",
            "type": "peritext",
          },
          {
            "name": "￼age",
            "slice": "M00000002",
            "type": "peritext",
          },
        ],
        "rows": [
          {
            "￼age": {
              "jsonValue": "￼20",
              "slice": "M00000004",
            },
            "￼name": {
              "jsonValue": "￼laios",
              "slice": "M00000003",
            },
          },
          {
            "￼age": {
              "jsonValue": "￼500",
              "slice": "M00000006",
            },
            "￼name": {
              "jsonValue": "￼marcille",
              "slice": "M00000005",
            },
          },
        ],
      },
      "id": "B00000000",
      "parents": [],
      "selfClosing": false,
      "type": "data-set",
    },
    {
      "attributes": {
        "dataSet": "M00000000",
      },
      "id": "B00000001",
      "parents": [
        "data-set",
      ],
      "selfClosing": false,
      "type": "table",
    },
  ],
  "marks": [
    {
      "attributes": {
        "refs": [
          "B00000001",
        ],
      },
      "id": "M00000000",
      "range": "(0..33]",
      "type": "slice",
    },
    {
      "attributes": {
        "refs": [
          "B00000000",
        ],
      },
      "id": "M00000001",
      "range": "(3..7]",
      "type": "slice",
    },
    {
      "attributes": {
        "refs": [
          "B00000000",
        ],
      },
      "id": "M00000002",
      "range": "(8..11]",
      "type": "slice",
    },
    {
      "attributes": {
        "refs": [
          "B00000000",
        ],
      },
      "id": "M00000003",
      "range": "(12..17]",
      "type": "slice",
    },
    {
      "attributes": {
        "refs": [
          "B00000000",
        ],
      },
      "id": "M00000004",
      "range": "(18..20]",
      "type": "slice",
    },
    {
      "attributes": {
        "refs": [
          "B00000000",
        ],
      },
      "id": "M00000005",
      "range": "(21..29]",
      "type": "slice",
    },
    {
      "attributes": {
        "refs": [
          "B00000000",
        ],
      },
      "id": "M00000006",
      "range": "(30..33]",
      "type": "slice",
    },
  ],
  "text": "￼￼ name age laios 20 marcille 500",
}
`;

exports[`tables parsing 1`] = `
{
  "blocks": [
    {
      "attributes": {},
      "id": "B00000000",
      "parents": [],
      "selfClosing": false,
      "type": "table",
    },
    {
      "attributes": {},
      "id": "B00000001",
      "parents": [
        "table",
      ],
      "selfClosing": false,
      "type": "thead",
    },
    {
      "attributes": {},
      "id": "B00000002",
      "parents": [
        "table",
        "thead",
      ],
      "selfClosing": false,
      "type": "tr",
    },
    {
      "attributes": {},
      "id": "B00000003",
      "parents": [
        "table",
        "thead",
        "tr",
      ],
      "selfClosing": false,
      "type": "th",
    },
    {
      "attributes": {},
      "id": "B00000004",
      "parents": [
        "table",
        "thead",
        "tr",
      ],
      "selfClosing": false,
      "type": "th",
    },
    {
      "attributes": {},
      "id": "B00000005",
      "parents": [
        "table",
      ],
      "selfClosing": false,
      "type": "tbody",
    },
    {
      "attributes": {},
      "id": "B00000006",
      "parents": [
        "table",
        "tbody",
      ],
      "selfClosing": false,
      "type": "tr",
    },
    {
      "attributes": {},
      "id": "B00000007",
      "parents": [
        "table",
        "tbody",
        "tr",
      ],
      "selfClosing": false,
      "type": "td",
    },
    {
      "attributes": {},
      "id": "B00000008",
      "parents": [
        "table",
        "tbody",
        "tr",
      ],
      "selfClosing": false,
      "type": "td",
    },
    {
      "attributes": {},
      "id": "B00000009",
      "parents": [
        "table",
        "tbody",
      ],
      "selfClosing": false,
      "type": "tr",
    },
    {
      "attributes": {},
      "id": "B0000000a",
      "parents": [
        "table",
        "tbody",
        "tr",
      ],
      "selfClosing": false,
      "type": "td",
    },
    {
      "attributes": {},
      "id": "B0000000b",
      "parents": [
        "table",
        "tbody",
        "tr",
      ],
      "selfClosing": false,
      "type": "td",
    },
  ],
  "marks": [],
  "text": "￼￼￼￼name￼age￼￼￼laios￼20￼￼marcille￼500",
}
`;
