// Jest Snapshot v1, https://goo.gl/fbAQLP

exports[`tables with column headings 1`] = `
"| column 1 | column 2 |
| :-- | --: |
| data 1.1 | data 1.2 |

"
`;
